2026-05-10 22:28:17,438 - aqt.main - INFO - installer 124578414809216 aqtinstall(aqt) v3.3.0 on Python 3.12.3 [CPython GCC 13.3.0]
2026-05-10 22:28:17,438 - aqt.helper - DEBUG - helper 124578414809216 Attempt to download checksum at https://download.qt.io/online/qtsdkrepository/linux_x64/desktop/qt6_683/qt6_683/Updates.xml.sha256
2026-05-10 22:28:18,418 - aqt.helper - DEBUG - helper 124578414809216 Attempt to download checksum at https://download.qt.io/online/qtsdkrepository/linux_x64/extensions/qtwebengine/683/x86_64/Updates.xml.sha256
2026-05-10 22:28:19,662 - aqt.archives - INFO - archives 124578414809216 Found extension qtwebengine
2026-05-10 22:28:19,663 - aqt.helper - DEBUG - helper 124578414809216 Attempt to download checksum at https://download.qt.io/online/qtsdkrepository/linux_x64/extensions/qtpdf/683/x86_64/Updates.xml.sha256
2026-05-10 22:28:20,455 - aqt.archives - INFO - archives 124578414809216 Found extension qtpdf
2026-05-10 22:28:20,460 - aqt.main - ERROR - installer 124578414809216 The packages ['qt_base', 'qtmultimedia'] were not found while parsing XML of package information!
==============================Suggested follow-up:==============================
* Please use 'aqt list-qt linux desktop --arch 6.8.3' to show architectures available.
* Please use 'aqt list-qt linux desktop --modules 6.8.3 <arch>' to show modules available.
2026-05-10 22:29:02,592 - aqt.helper - DEBUG - helper 131845943369856 Attempt to download checksum at https://download.qt.io/online/qtsdkrepository/linux_x64/desktop/qt6_683/qt6_683/Updates.xml.sha256
2026-05-10 22:29:03,544 - aqt.helper - DEBUG - helper 131845943369856 Attempt to download checksum at https://download.qt.io/online/qtsdkrepository/linux_x64/extensions/qtpdf/683/x86_64/Updates.xml.sha256
2026-05-10 22:29:04,400 - aqt.helper - DEBUG - helper 131845943369856 Attempt to download checksum at https://download.qt.io/online/qtsdkrepository/linux_x64/extensions/qtwebengine/683/x86_64/Updates.xml.sha256
2026-05-10 22:29:05,571 - aqt.main - ERROR - installer 131845943369856 No modules available for this request.
==============================Suggested follow-up:==============================
* Please use 'aqt list-qt linux desktop' to show versions of Qt available.
* Please use 'aqt list-qt linux desktop --arch <QT_VERSION>' to list valid architectures.
2026-05-10 22:30:18,375 - aqt.main - INFO - installer 136073824030848 aqtinstall(aqt) v3.3.0 on Python 3.12.3 [CPython GCC 13.3.0]
2026-05-10 22:30:18,375 - aqt.helper - DEBUG - helper 136073824030848 Attempt to download checksum at https://download.qt.io/online/qtsdkrepository/linux_x64/desktop/qt6_683/qt6_683/Updates.xml.sha256
2026-05-10 22:30:19,211 - aqt.helper - DEBUG - helper 136073824030848 Attempt to download checksum at https://download.qt.io/online/qtsdkrepository/linux_x64/extensions/qtwebengine/683/x86_64/Updates.xml.sha256
2026-05-10 22:30:19,988 - aqt.archives - INFO - archives 136073824030848 Found extension qtwebengine
2026-05-10 22:30:19,989 - aqt.helper - DEBUG - helper 136073824030848 Attempt to download checksum at https://download.qt.io/online/qtsdkrepository/linux_x64/extensions/qtpdf/683/x86_64/Updates.xml.sha256
2026-05-10 22:30:20,789 - aqt.archives - INFO - archives 136073824030848 Found extension qtpdf
2026-05-10 22:30:20,796 - aqt.main - ERROR - installer 136073824030848 The packages ['qt_base', 'qtmultimedia'] were not found while parsing XML of package information!
==============================Suggested follow-up:==============================
* Please use 'aqt list-qt linux desktop --arch 6.8.3' to show architectures available.
* Please use 'aqt list-qt linux desktop --modules 6.8.3 <arch>' to show modules available.
